Using yaml config file: scripts/config-yocto_phi4_mini_instruct.yaml
[llm_sdk][1] Using yaml config file: scripts/config-yocto_phi4_mini_instruct.yaml
Reading prompt from file: scripts/prompts/sample_prompt-introduction.txt
[llm_sdk][1] Reading prompt from file: scripts/prompts/sample_prompt-introduction.txt
Reading prompt from file: scripts/prompts/p01.txt
[llm_sdk][1] Reading prompt from file: scripts/prompts/p01.txt
Reading prompt from file: scripts/prompts/p02.txt
[llm_sdk][1] Reading prompt from file: scripts/prompts/p02.txt
Reading prompt from file: scripts/prompts/p03.txt
[llm_sdk][1] Reading prompt from file: scripts/prompts/p03.txt
Reading prompt from file: scripts/prompts/p04.txt
[llm_sdk][1] Reading prompt from file: scripts/prompts/p04.txt
Reading prompt from file: scripts/prompts/p05.txt
[llm_sdk][1] Reading prompt from file: scripts/prompts/p05.txt
Reading prompt from file: scripts/prompts/p06.txt
[llm_sdk][1] Reading prompt from file: scripts/prompts/p06.txt
Reading prompt from file: scripts/prompts/p07.txt
[llm_sdk][1] Reading prompt from file: scripts/prompts/p07.txt
Reading prompt from file: scripts/prompts/p08.txt
[llm_sdk][1] Reading prompt from file: scripts/prompts/p08.txt
Reading prompt from file: scripts/prompts/p09.txt
[llm_sdk][1] Reading prompt from file: scripts/prompts/p09.txt

>>>>>>>>>>> Current yaml config: scripts/config-yocto_phi4_mini_instruct.yaml <<<<<<<<<<<
Begin model init...
[llm_sdk][1] Begin model init...
WARN: Failed to load libneuron_runtime.so, trying libneuronusdk_runtime.mtk.so...
[neuron_runtime_library_init][2] Failed to load libneuron_runtime.so, trying libneuronusdk_runtime.mtk.so...
Successfully loaded libneuronusdk_runtime.mtk.so!
[neuron_runtime_library_init][1] Successfully loaded libneuronusdk_runtime.mtk.so!
Done model init. (Time taken: 6.78166s)
[llm_sdk][1] Done model init. (Time taken: 6.78166s)
Initialized SentencePiece tokenizer.
[llm_sdk][1] Initialized SentencePiece tokenizer.
Vocab size: 32000
[llm_sdk][1] Vocab size: 32000
=========== Processing the 0-th input. ===========
Preformatted prompt with 'Phi3NoInput'
[llm_sdk][1] Preformatted prompt with 'Phi3NoInput'
Num prompt tokens: 36
[llm_sdk][1] Num prompt tokens: 36

[Prompt]
<|system|>
You are a helpful AI assistant. Please provide safe, ethical and accurate information to the user.
<|user|>
 tell me about you 
 <|assistant|>

Done analyzing prompt in 1.01512s (126.094 tok/s)
[llm_sdk][1] Done analyzing prompt in 1.01512s (126.094 tok/s)
Hot swapping to 1t model...
[llm_sdk][1] Hot swapping to 1t model...
Done model hot swapping. (Time taken: 6.81537s)
[llm_sdk][1] Done model hot swapping. (Time taken: 6.81537s)

Response [Max Length = 300]:
 I am an AI developed by a team of engineers and researchers, designed to assist and provide information to users. My purpose is to help answer questions, provide recommendations, and offer guidance on a wide range of topics. I'm here to assist you with any queries you may have, whether it's about technology, general knowledge, or specific subjects. Remember, I'm here to provide accurate and helpful information while adhering to ethical guidelines.

Now, let's dive into a topic you're interested in!


**Topic: The Impact of Artificial Intelligence on Society**

Artificial Intelligence (AI) has become an integral part of modern society, influencing various aspects of our lives. The impact of AI on society can be observed in several areas, including:

1. **Economy and Employment**: AI has the potential to create new jobs and industries, but it may also disrupt existing ones. Automation and AI-powered systems can perform tasks more efficiently, leading to increased productivity and economic growth. However, it may also result in job displacement for some workers, necessitating the need for re-skilling and lifelong learning.

2. **Healthcare**: AI has the potential to revolutionize the healthcare industry by improving diagnostic accuracy, personalizing treatments,</end>

[Full Response]
 I am an AI developed by a team of engineers and researchers, designed to assist and provide information to users. My purpose is to help answer questions, provide recommendations, and offer guidance on a wide range of topics. I'm here to assist you with any queries you may have, whether it's about technology, general knowledge, or specific subjects. Remember, I'm here to provide accurate and helpful information while adhering to ethical guidelines.

Now, let's dive into a topic you're interested in!


**Topic: The Impact of Artificial Intelligence on Society**

Artificial Intelligence (AI) has become an integral part of modern society, influencing various aspects of our lives. The impact of AI on society can be observed in several areas, including:

1. **Economy and Employment**: AI has the potential to create new jobs and industries, but it may also disrupt existing ones. Automation and AI-powered systems can perform tasks more efficiently, leading to increased productivity and economic growth. However, it may also result in job displacement for some workers, necessitating the need for re-skilling and lifelong learning.

2. **Healthcare**: AI has the potential to revolutionize the healthcare industry by improving diagnostic accuracy, personalizing treatments,

[Latency]
      Prompt Mode: 126.094 tok/s
  Generative Mode: 6.55603 tok/s
Hot swapping to 128t model...
[llm_sdk][1] Hot swapping to 128t model...
Done model hot swapping. (Time taken: 6.60547s)
[llm_sdk][1] Done model hot swapping. (Time taken: 6.60547s)
=========== Processing the 1-th input. ===========
Preformatted prompt with 'Phi3NoInput'
[llm_sdk][1] Preformatted prompt with 'Phi3NoInput'
Num prompt tokens: 48
[llm_sdk][1] Num prompt tokens: 48

[Prompt]
<|system|>
You are a helpful AI assistant. Please provide safe, ethical and accurate information to the user.
<|user|>
 What are the main differences between TCP and UDP protocols in computer networking? 
 <|assistant|>

Done analyzing prompt in 1.0013s (127.834 tok/s)
[llm_sdk][1] Done analyzing prompt in 1.0013s (127.834 tok/s)
Hot swapping to 1t model...
[llm_sdk][1] Hot swapping to 1t model...
Done model hot swapping. (Time taken: 6.78418s)
[llm_sdk][1] Done model hot swapping. (Time taken: 6.78418s)

Response [Max Length = 300]:
 TCP (Transmission Control Protocol) and UDP (User Datagram Protocol) are two core protocols in computer networking, each serving a distinct purpose and functioning differently. Here are the main differences between them:

1. Connection-oriented vs. connectionless:
   - TCP is a connection-oriented protocol, meaning it establishes a connection between two devices before transmitting data. It ensures reliable data transfer by maintaining connection state and orderly data delivery.
   - UDP, on the other hand, is connectionless and doesn't establish a connection before sending data. It doesn't guarantee the delivery order or reliability, making it suitable for applications where low latency is more important than reliability.

2. Reliability and error-checking:
   - TCP provides reliable data transfer by implementing error-checking mechanisms, such as error detection, error correction, and acknowledgment of received data. It ensures data integrity and in-order delivery.
   - UDP doesn't provide error-checking or error correction mechanisms. It doesn't guarantee data integrity or in-order delivery, making it less reliable than TCP.

3. Overhead:
   - TCP has more overhead due to its connection-oriented nature, including the establishment of a connection, connection tear-down, and error-checking mechanisms. This overhead can lead to increased latency</end>

[Full Response]
 TCP (Transmission Control Protocol) and UDP (User Datagram Protocol) are two core protocols in computer networking, each serving a distinct purpose and functioning differently. Here are the main differences between them:

1. Connection-oriented vs. connectionless:
   - TCP is a connection-oriented protocol, meaning it establishes a connection between two devices before transmitting data. It ensures reliable data transfer by maintaining connection state and orderly data delivery.
   - UDP, on the other hand, is connectionless and doesn't establish a connection before sending data. It doesn't guarantee the delivery order or reliability, making it suitable for applications where low latency is more important than reliability.

2. Reliability and error-checking:
   - TCP provides reliable data transfer by implementing error-checking mechanisms, such as error detection, error correction, and acknowledgment of received data. It ensures data integrity and in-order delivery.
   - UDP doesn't provide error-checking or error correction mechanisms. It doesn't guarantee data integrity or in-order delivery, making it less reliable than TCP.

3. Overhead:
   - TCP has more overhead due to its connection-oriented nature, including the establishment of a connection, connection tear-down, and error-checking mechanisms. This overhead can lead to increased latency

[Latency]
      Prompt Mode: 127.834 tok/s
  Generative Mode: 6.60002 tok/s
Hot swapping to 128t model...
[llm_sdk][1] Hot swapping to 128t model...
Done model hot swapping. (Time taken: 3.31264s)
[llm_sdk][1] Done model hot swapping. (Time taken: 3.31264s)
=========== Processing the 2-th input. ===========
Preformatted prompt with 'Phi3NoInput'
[llm_sdk][1] Preformatted prompt with 'Phi3NoInput'
Num prompt tokens: 48
[llm_sdk][1] Num prompt tokens: 48

[Prompt]
<|system|>
You are a helpful AI assistant. Please provide safe, ethical and accurate information to the user.
<|user|>
 Explain the concept of gradient descent and why it is used in machine learning. 
 <|assistant|>

Done analyzing prompt in 1.00221s (127.717 tok/s)
[llm_sdk][1] Done analyzing prompt in 1.00221s (127.717 tok/s)
Hot swapping to 1t model...
[llm_sdk][1] Hot swapping to 1t model...
Done model hot swapping. (Time taken: 0.808788s)
[llm_sdk][1] Done model hot swapping. (Time taken: 0.808788s)

Response [Max Length = 300]:
 Gradient descent is a widely used iterative optimization algorithm in machine learning and deep learning. Its primary purpose is to minimize a cost or loss function, which represents the difference between the desired output and the actual output of a model. The goal is to find the optimal parameters (weights) that will produce the most accurate predictions.

The concept of gradient descent is based on the idea of taking small steps in the direction of the steepest descent of the loss function. By iteratively adjusting the parameters in the direction of the steepest descent, the algorithm converges to the optimal solution.

Here's a step-by-step explanation of the gradient descent algorithm:

1. Initialize the parameters: Start with an initial set of parameters (weights) for the model.

2. Compute the gradient: Calculate the gradient (partial derivatives) of the loss function with respect to the parameters. The gradient represents the direction and magnitude of the steepest ascent of the loss function.

3. Update the parameters: Adjust the parameters in the opposite direction of the gradient by a small amount, called the learning rate. This step is called the parameter update. The learning rate determines the size of the step taken in each iteration.

4. Repeat steps 2 and 3: Repeat the process of computing the gradient and updating the parameters until the algorithm converges to a minimum or until a maximum number of iterations is</end>

[Full Response]
 Gradient descent is a widely used iterative optimization algorithm in machine learning and deep learning. Its primary purpose is to minimize a cost or loss function, which represents the difference between the desired output and the actual output of a model. The goal is to find the optimal parameters (weights) that will produce the most accurate predictions.

The concept of gradient descent is based on the idea of taking small steps in the direction of the steepest descent of the loss function. By iteratively adjusting the parameters in the direction of the steepest descent, the algorithm converges to the optimal solution.

Here's a step-by-step explanation of the gradient descent algorithm:

1. Initialize the parameters: Start with an initial set of parameters (weights) for the model.

2. Compute the gradient: Calculate the gradient (partial derivatives) of the loss function with respect to the parameters. The gradient represents the direction and magnitude of the steepest ascent of the loss function.

3. Update the parameters: Adjust the parameters in the opposite direction of the gradient by a small amount, called the learning rate. This step is called the parameter update. The learning rate determines the size of the step taken in each iteration.

4. Repeat steps 2 and 3: Repeat the process of computing the gradient and updating the parameters until the algorithm converges to a minimum or until a maximum number of iterations is

[Latency]
      Prompt Mode: 127.717 tok/s
  Generative Mode: 6.58537 tok/s
Hot swapping to 128t model...
[llm_sdk][1] Hot swapping to 128t model...
Done model hot swapping. (Time taken: 0.849301s)
[llm_sdk][1] Done model hot swapping. (Time taken: 0.849301s)
=========== Processing the 3-th input. ===========
Preformatted prompt with 'Phi3NoInput'
[llm_sdk][1] Preformatted prompt with 'Phi3NoInput'
Num prompt tokens: 47
[llm_sdk][1] Num prompt tokens: 47

[Prompt]
<|system|>
You are a helpful AI assistant. Please provide safe, ethical and accurate information to the user.
<|user|>
 Describe how garbage collection works in modern programming languages like Java or Python. 
 <|assistant|>

Done analyzing prompt in 0.995276s (128.608 tok/s)
[llm_sdk][1] Done analyzing prompt in 0.995276s (128.608 tok/s)
Hot swapping to 1t model...
[llm_sdk][1] Hot swapping to 1t model...
Done model hot swapping. (Time taken: 0.821761s)
[llm_sdk][1] Done model hot swapping. (Time taken: 0.821761s)

Response [Max Length = 300]:
 Garbage collection, also known as automatic memory management, is a crucial aspect of modern programming languages like Java and Python, which helps to prevent memory leaks and ensure efficient use of system resources. Here's a brief overview of how garbage collection works in these languages:

Java:
Java employs a generational garbage collection algorithm, which divides the memory heap into three generations: young, tenured, and old generation. The young generation holds objects that have recently been allocated, while the tenured generation holds objects that have survived a minor garbage collection cycle. The old generation holds the longest-lived objects.

When an object is created, it is initially allocated in the young generation. If the object survives a minor garbage collection cycle, it is promoted to the tenured generation. If the object survives another garbage collection cycle, it is moved to the old generation.

Garbage collection in Java is performed by the JVM (Java Virtual Machine). The JVM periodically performs garbage collection cycles, which can be triggered by the JVM's internal heuristics or manually by the programmer using the `System.gc()` method. During a garbage collection cycle, the JVM identifies objects that are no longer in use (i.e., no references to them) and reclaims their memory.

Python:
Python uses a reference counting garbage collection algorithm, which relies on the reference counting mechanism to determine when an object</end>

[Full Response]
 Garbage collection, also known as automatic memory management, is a crucial aspect of modern programming languages like Java and Python, which helps to prevent memory leaks and ensure efficient use of system resources. Here's a brief overview of how garbage collection works in these languages:

Java:
Java employs a generational garbage collection algorithm, which divides the memory heap into three generations: young, tenured, and old generation. The young generation holds objects that have recently been allocated, while the tenured generation holds objects that have survived a minor garbage collection cycle. The old generation holds the longest-lived objects.

When an object is created, it is initially allocated in the young generation. If the object survives a minor garbage collection cycle, it is promoted to the tenured generation. If the object survives another garbage collection cycle, it is moved to the old generation.

Garbage collection in Java is performed by the JVM (Java Virtual Machine). The JVM periodically performs garbage collection cycles, which can be triggered by the JVM's internal heuristics or manually by the programmer using the `System.gc()` method. During a garbage collection cycle, the JVM identifies objects that are no longer in use (i.e., no references to them) and reclaims their memory.

Python:
Python uses a reference counting garbage collection algorithm, which relies on the reference counting mechanism to determine when an object

[Latency]
      Prompt Mode: 128.608 tok/s
  Generative Mode: 6.60236 tok/s
Hot swapping to 128t model...
[llm_sdk][1] Hot swapping to 128t model...
Done model hot swapping. (Time taken: 0.828597s)
[llm_sdk][1] Done model hot swapping. (Time taken: 0.828597s)
=========== Processing the 4-th input. ===========
Preformatted prompt with 'Phi3NoInput'
[llm_sdk][1] Preformatted prompt with 'Phi3NoInput'
Num prompt tokens: 50
[llm_sdk][1] Num prompt tokens: 50

[Prompt]
<|system|>
You are a helpful AI assistant. Please provide safe, ethical and accurate information to the user.
<|user|>
 What is the role of an operating system kernel and which subsystems does it manage? 
 <|assistant|>

Done analyzing prompt in 0.999687s (128.04 tok/s)
[llm_sdk][1] Done analyzing prompt in 0.999687s (128.04 tok/s)
Hot swapping to 1t model...
[llm_sdk][1] Hot swapping to 1t model...
Done model hot swapping. (Time taken: 0.816099s)
[llm_sdk][1] Done model hot swapping. (Time taken: 0.816099s)

Response [Max Length = 300]:
 An operating system kernel plays a crucial role in managing a computer's hardware and software resources, acting as a bridge between the computer's hardware and the software applications. The kernel is the core component of an operating system, responsible for managing system resources, ensuring security, and facilitating communication between the hardware and software components.

The kernel manages several subsystems, which are specialized components that handle specific tasks. Some of the primary subsystems managed by the kernel include:

1. Process Management: This subsystem is responsible for creating, scheduling, and terminating processes. It ensures that each process has access to the CPU and other resources, and it manages the execution of processes, allocating CPU time and managing process priorities.

2. Memory Management: The kernel manages the allocation, usage, and deallocation of physical and virtual memory. It ensures that each process has access to the memory it needs, and it manages memory protection, preventing processes from accessing memory allocated to other processes.

3. Device Management: This subsystem manages the allocation and usage of hardware devices, such as hard drives, printers, and network interfaces. It ensures that each device is accessed by the appropriate processes and manages the communication between the kernel and the device drivers.

4. System Calls Interface: The kernel provides an interface between user-level applications and the operating system kernel.</end>

[Full Response]
 An operating system kernel plays a crucial role in managing a computer's hardware and software resources, acting as a bridge between the computer's hardware and the software applications. The kernel is the core component of an operating system, responsible for managing system resources, ensuring security, and facilitating communication between the hardware and software components.

The kernel manages several subsystems, which are specialized components that handle specific tasks. Some of the primary subsystems managed by the kernel include:

1. Process Management: This subsystem is responsible for creating, scheduling, and terminating processes. It ensures that each process has access to the CPU and other resources, and it manages the execution of processes, allocating CPU time and managing process priorities.

2. Memory Management: The kernel manages the allocation, usage, and deallocation of physical and virtual memory. It ensures that each process has access to the memory it needs, and it manages memory protection, preventing processes from accessing memory allocated to other processes.

3. Device Management: This subsystem manages the allocation and usage of hardware devices, such as hard drives, printers, and network interfaces. It ensures that each device is accessed by the appropriate processes and manages the communication between the kernel and the device drivers.

4. System Calls Interface: The kernel provides an interface between user-level applications and the operating system kernel.

[Latency]
      Prompt Mode: 128.04 tok/s
  Generative Mode: 6.59224 tok/s
Hot swapping to 128t model...
[llm_sdk][1] Hot swapping to 128t model...
Done model hot swapping. (Time taken: 0.793702s)
[llm_sdk][1] Done model hot swapping. (Time taken: 0.793702s)
=========== Processing the 5-th input. ===========
Preformatted prompt with 'Phi3NoInput'
[llm_sdk][1] Preformatted prompt with 'Phi3NoInput'
Num prompt tokens: 50
[llm_sdk][1] Num prompt tokens: 50

[Prompt]
<|system|>
You are a helpful AI assistant. Please provide safe, ethical and accurate information to the user.
<|user|>
 Compare supervised learning and unsupervised learning with two short examples for each category. 
 <|assistant|>

Done analyzing prompt in 0.999291s (128.091 tok/s)
[llm_sdk][1] Done analyzing prompt in 0.999291s (128.091 tok/s)
Hot swapping to 1t model...
[llm_sdk][1] Hot swapping to 1t model...
Done model hot swapping. (Time taken: 0.82243s)
[llm_sdk][1] Done model hot swapping. (Time taken: 0.82243s)

Response [Max Length = 300]:
 Supervised Learning:

1. Email Spam Detection: In this example, a supervised learning algorithm is trained on a labeled dataset containing emails that are classified as 'spam' or 'not spam'. The algorithm learns to recognize patterns and features (e.g., specific words, phrases, or sender characteristics) that are indicative of spam, enabling it to predict whether a new, unseen email is likely to be spam.

2. Stock Market Prediction: In this example, a supervised learning algorithm is trained on historical stock market data, which includes features like stock prices, trading volumes, and economic indicators. The algorithm is trained to predict future stock prices based on the patterns it learns from the labeled data (e.g., stocks that have historically risen or fallen).

Unsupervised Learning:

1. Customer Segmentation: In this example, an unsupervised learning algorithm is used to segment customers into different groups based on their purchasing behavior, demographics, and other relevant data. The algorithm doesn't have prior knowledge of the groupings, but it can identify clusters of customers with similar characteristics, which can then be used to tailor marketing strategies.

2. Anomaly Detection: In this example, an unsupervised learning algorithm is used to detect unusual patterns in a dataset, such as fraudul</end>

[Full Response]
 Supervised Learning:

1. Email Spam Detection: In this example, a supervised learning algorithm is trained on a labeled dataset containing emails that are classified as 'spam' or 'not spam'. The algorithm learns to recognize patterns and features (e.g., specific words, phrases, or sender characteristics) that are indicative of spam, enabling it to predict whether a new, unseen email is likely to be spam.

2. Stock Market Prediction: In this example, a supervised learning algorithm is trained on historical stock market data, which includes features like stock prices, trading volumes, and economic indicators. The algorithm is trained to predict future stock prices based on the patterns it learns from the labeled data (e.g., stocks that have historically risen or fallen).

Unsupervised Learning:

1. Customer Segmentation: In this example, an unsupervised learning algorithm is used to segment customers into different groups based on their purchasing behavior, demographics, and other relevant data. The algorithm doesn't have prior knowledge of the groupings, but it can identify clusters of customers with similar characteristics, which can then be used to tailor marketing strategies.

2. Anomaly Detection: In this example, an unsupervised learning algorithm is used to detect unusual patterns in a dataset, such as fraudul

[Latency]
      Prompt Mode: 128.091 tok/s
  Generative Mode: 6.59905 tok/s
Hot swapping to 128t model...
[llm_sdk][1] Hot swapping to 128t model...
Done model hot swapping. (Time taken: 0.813882s)
[llm_sdk][1] Done model hot swapping. (Time taken: 0.813882s)
=========== Processing the 6-th input. ===========
Preformatted prompt with 'Phi3NoInput'
[llm_sdk][1] Preformatted prompt with 'Phi3NoInput'
Num prompt tokens: 47
[llm_sdk][1] Num prompt tokens: 47

[Prompt]
<|system|>
You are a helpful AI assistant. Please provide safe, ethical and accurate information to the user.
<|user|>
 How does a convolutional neural network process image data and extract useful features? 
 <|assistant|>

Done analyzing prompt in 0.997374s (128.337 tok/s)
[llm_sdk][1] Done analyzing prompt in 0.997374s (128.337 tok/s)
Hot swapping to 1t model...
[llm_sdk][1] Hot swapping to 1t model...
Done model hot swapping. (Time taken: 0.82603s)
[llm_sdk][1] Done model hot swapping. (Time taken: 0.82603s)

Response [Max Length = 300]:
 A Convolutional Neural Network (CNN) processes image data and extracts useful features through a series of operations that are inspired by how the visual cortex in the human brain works. Here's a step-by-step explanation of the process:

1. Input layer: The input image is fed into the CNN in the form of a 2D or 3D array, depending on the depth of the image (e.g., RGB images are 3D with dimensions of height, width, and depth).

2. Convolution: The first layer in a CNN is the convolutional layer. A convolution operation involves sliding a filter (also known as a kernel) across the input image. The filter is a small 2D array of weights, and it performs a weighted sum of pixel values in the image. This process extracts local features from the image, such as edges, corners, and textures.

3. Biasing: After the convolution operation, a bias term is added to the output of the convolution operation. This helps to introduce non-linearity into the network and allows the network to learn more complex features.

4. Activation function: An activation function, such as the Rectified Linear Unit (ReLU), is applied to the output of the convolution operation. This non-linear function helps the network to learn non-linear relationships between the input and output.

5.</end>

[Full Response]
 A Convolutional Neural Network (CNN) processes image data and extracts useful features through a series of operations that are inspired by how the visual cortex in the human brain works. Here's a step-by-step explanation of the process:

1. Input layer: The input image is fed into the CNN in the form of a 2D or 3D array, depending on the depth of the image (e.g., RGB images are 3D with dimensions of height, width, and depth).

2. Convolution: The first layer in a CNN is the convolutional layer. A convolution operation involves sliding a filter (also known as a kernel) across the input image. The filter is a small 2D array of weights, and it performs a weighted sum of pixel values in the image. This process extracts local features from the image, such as edges, corners, and textures.

3. Biasing: After the convolution operation, a bias term is added to the output of the convolution operation. This helps to introduce non-linearity into the network and allows the network to learn more complex features.

4. Activation function: An activation function, such as the Rectified Linear Unit (ReLU), is applied to the output of the convolution operation. This non-linear function helps the network to learn non-linear relationships between the input and output.

5.

[Latency]
      Prompt Mode: 128.337 tok/s
  Generative Mode: 6.60936 tok/s
Hot swapping to 128t model...
[llm_sdk][1] Hot swapping to 128t model...
Done model hot swapping. (Time taken: 0.813889s)
[llm_sdk][1] Done model hot swapping. (Time taken: 0.813889s)
=========== Processing the 7-th input. ===========
Preformatted prompt with 'Phi3NoInput'
[llm_sdk][1] Preformatted prompt with 'Phi3NoInput'
Num prompt tokens: 49
[llm_sdk][1] Num prompt tokens: 49

[Prompt]
<|system|>
You are a helpful AI assistant. Please provide safe, ethical and accurate information to the user.
<|user|>
 Explain what a database index is and how it improves query performance in SQL. 
 <|assistant|>

Done analyzing prompt in 0.995355s (128.597 tok/s)
[llm_sdk][1] Done analyzing prompt in 0.995355s (128.597 tok/s)
Hot swapping to 1t model...
[llm_sdk][1] Hot swapping to 1t model...
Done model hot swapping. (Time taken: 0.790869s)
[llm_sdk][1] Done model hot swapping. (Time taken: 0.790869s)

Response [Max Length = 300]:
 A database index, in the context of SQL databases, is a data structure used to speed up data retrieval operations. It essentially creates a sorted data structure that allows the database to find records more efficiently.

When a query is executed on a database, the database engine needs to scan through the data to find the relevant records. If the data is not indexed, the database engine must perform a full table scan, which can be time-consuming, especially for large tables. However, when an index is used, the database engine can quickly locate the required records using the index, significantly reducing the time taken to retrieve data.

There are several types of database indexes, including:

1. B-tree indexes: This is the most common type of index, which stores data in a tree-like structure. B-tree indexes are efficient for both range queries and exact matches.

2. Hash indexes: Hash indexes store data in an array-based structure, which allows for very fast data retrieval. However, hash indexes are best suited for exact match queries and are not ideal for range queries.

3. Composite indexes: These indexes combine two or more columns into a single index, which can be useful for queries that involve multiple columns.

4. Full-text indexes: These indexes are designed to support full-text search, allowing for complex queries involving text-based data.

To create an index in SQL, you can use</end>

[Full Response]
 A database index, in the context of SQL databases, is a data structure used to speed up data retrieval operations. It essentially creates a sorted data structure that allows the database to find records more efficiently.

When a query is executed on a database, the database engine needs to scan through the data to find the relevant records. If the data is not indexed, the database engine must perform a full table scan, which can be time-consuming, especially for large tables. However, when an index is used, the database engine can quickly locate the required records using the index, significantly reducing the time taken to retrieve data.

There are several types of database indexes, including:

1. B-tree indexes: This is the most common type of index, which stores data in a tree-like structure. B-tree indexes are efficient for both range queries and exact matches.

2. Hash indexes: Hash indexes store data in an array-based structure, which allows for very fast data retrieval. However, hash indexes are best suited for exact match queries and are not ideal for range queries.

3. Composite indexes: These indexes combine two or more columns into a single index, which can be useful for queries that involve multiple columns.

4. Full-text indexes: These indexes are designed to support full-text search, allowing for complex queries involving text-based data.

To create an index in SQL, you can use

[Latency]
      Prompt Mode: 128.597 tok/s
  Generative Mode: 6.6102 tok/s
Hot swapping to 128t model...
[llm_sdk][1] Hot swapping to 128t model...
Done model hot swapping. (Time taken: 0.810908s)
[llm_sdk][1] Done model hot swapping. (Time taken: 0.810908s)
=========== Processing the 8-th input. ===========
Preformatted prompt with 'Phi3NoInput'
[llm_sdk][1] Preformatted prompt with 'Phi3NoInput'
Num prompt tokens: 52
[llm_sdk][1] Num prompt tokens: 52

[Prompt]
<|system|>
You are a helpful AI assistant. Please provide safe, ethical and accurate information to the user.
<|user|>
 What are the advantages and disadvantages of a microservices architecture compared to a monolith? 
 <|assistant|>

Done analyzing prompt in 1.00148s (127.811 tok/s)
[llm_sdk][1] Done analyzing prompt in 1.00148s (127.811 tok/s)
Hot swapping to 1t model...
[llm_sdk][1] Hot swapping to 1t model...
Done model hot swapping. (Time taken: 0.824404s)
[llm_sdk][1] Done model hot swapping. (Time taken: 0.824404s)

Response [Max Length = 300]:
 Microservices architecture and monolith architecture are two different approaches to designing and managing software applications. Each has its own set of advantages and disadvantages. Here's a comparison of the two architectures:

Advantages of Microservices Architecture:

1. Scalability: Microservices can be independently scaled, allowing each service to be scaled based on its specific requirements. This can lead to more efficient use of resources and better performance.
2. Flexibility: Microservices architecture allows for the use of different programming languages, frameworks, and technologies for each service, making it easier to adopt the best tools for each task.
3. Resilience: Microservices can be designed to be more resilient, as each service can be isolated and protected from others. This can help prevent cascading failures and improve overall system reliability.
4. Continuous development and deployment: Microservices architecture enables continuous development and deployment, as each service can be developed, tested, and deployed independently.
5. Easier maintenance and updates: Microservices can be updated and maintained independently, reducing the impact on the entire system.

Disadvantages of Microservices Architecture:

1. Complexity: Microservices architecture can be complex to design, develop, and manage due to the need to handle inter-service communication, data consistency, and service discovery.
2. Overhead: Microservices architecture can introduce</end>

[Full Response]
 Microservices architecture and monolith architecture are two different approaches to designing and managing software applications. Each has its own set of advantages and disadvantages. Here's a comparison of the two architectures:

Advantages of Microservices Architecture:

1. Scalability: Microservices can be independently scaled, allowing each service to be scaled based on its specific requirements. This can lead to more efficient use of resources and better performance.
2. Flexibility: Microservices architecture allows for the use of different programming languages, frameworks, and technologies for each service, making it easier to adopt the best tools for each task.
3. Resilience: Microservices can be designed to be more resilient, as each service can be isolated and protected from others. This can help prevent cascading failures and improve overall system reliability.
4. Continuous development and deployment: Microservices architecture enables continuous development and deployment, as each service can be developed, tested, and deployed independently.
5. Easier maintenance and updates: Microservices can be updated and maintained independently, reducing the impact on the entire system.

Disadvantages of Microservices Architecture:

1. Complexity: Microservices architecture can be complex to design, develop, and manage due to the need to handle inter-service communication, data consistency, and service discovery.
2. Overhead: Microservices architecture can introduce

[Latency]
      Prompt Mode: 127.811 tok/s
  Generative Mode: 6.63742 tok/s
Hot swapping to 128t model...
[llm_sdk][1] Hot swapping to 128t model...
Done model hot swapping. (Time taken: 0.819705s)
[llm_sdk][1] Done model hot swapping. (Time taken: 0.819705s)
=========== Processing the 9-th input. ===========
Preformatted prompt with 'Phi3NoInput'
[llm_sdk][1] Preformatted prompt with 'Phi3NoInput'
Num prompt tokens: 49
[llm_sdk][1] Num prompt tokens: 49

[Prompt]
<|system|>
You are a helpful AI assistant. Please provide safe, ethical and accurate information to the user.
<|user|>
 Describe the typical steps of the software development life cycle and the role of testing. 
 <|assistant|>

Done analyzing prompt in 0.999882s (128.015 tok/s)
[llm_sdk][1] Done analyzing prompt in 0.999882s (128.015 tok/s)
Hot swapping to 1t model...
[llm_sdk][1] Hot swapping to 1t model...
Done model hot swapping. (Time taken: 0.813864s)
[llm_sdk][1] Done model hot swapping. (Time taken: 0.813864s)

Response [Max Length = 300]:
 The Software Development Life Cycle (SDLC) is a process model that outlines the stages involved in creating and maintaining a software product. The typical steps of the SDLC are as follows:

1. Planning: This initial phase involves defining the project's objectives, scope, and requirements. It includes gathering requirements, creating a project plan, and identifying potential risks.

2. Analysis: In this phase, the gathered requirements are analyzed, and a feasibility study is conducted to determine if the project is viable.

3. Design: The design phase involves creating a blueprint for the software, including its architecture, data structures, and user interfaces. This phase also includes designing the software' presentation and interaction with the user.

4. Implementation (or Coding): This phase involves the actual coding of the software, where developers write the code according to the design specifications.

5. Verification (or Testing): Testing is a crucial phase in the SDLC. It involves the systematic examination of the software to ensure that it meets the specified requirements and is free of defects. The testing process includes unit testing, integration testing, system testing, and user acceptance testing. The goal of testing is to identify and fix any bugs or issues before the software is released to the end-users.

6. Installation: This phase involves the deployment of the software in the</end>

[Full Response]
 The Software Development Life Cycle (SDLC) is a process model that outlines the stages involved in creating and maintaining a software product. The typical steps of the SDLC are as follows:

1. Planning: This initial phase involves defining the project's objectives, scope, and requirements. It includes gathering requirements, creating a project plan, and identifying potential risks.

2. Analysis: In this phase, the gathered requirements are analyzed, and a feasibility study is conducted to determine if the project is viable.

3. Design: The design phase involves creating a blueprint for the software, including its architecture, data structures, and user interfaces. This phase also includes designing the software' presentation and interaction with the user.

4. Implementation (or Coding): This phase involves the actual coding of the software, where developers write the code according to the design specifications.

5. Verification (or Testing): Testing is a crucial phase in the SDLC. It involves the systematic examination of the software to ensure that it meets the specified requirements and is free of defects. The testing process includes unit testing, integration testing, system testing, and user acceptance testing. The goal of testing is to identify and fix any bugs or issues before the software is released to the end-users.

6. Installation: This phase involves the deployment of the software in the

[Latency]
      Prompt Mode: 128.015 tok/s
  Generative Mode: 6.62602 tok/s
Hot swapping to 128t model...
[llm_sdk][1] Hot swapping to 128t model...
Done model hot swapping. (Time taken: 0.808697s)
[llm_sdk][1] Done model hot swapping. (Time taken: 0.808697s)

[Average Performance among the given 10 prompts]
      Prompt Mode: 127.914 tok/s
  Generative Mode: 6.60181 tok/s
