INFO: Android SDK version: 31
INFO: NeuronApi error: unable to open library libneuron_adapter.so, dllerror: 
INFO: NeuronApi error: unable to open library libneuron_adapter.mtk.so, dllerror: 
INFO: dlopen libneuronusdk_adapter.mtk.so
INFO: Num devices: 2
INFO: Got device name: mtk-gpu
INFO: Got device name: mtk-mdla
INFO: NeuronApi version: 8.2.16
Model Inputs:
  input.1: shape=[1, 3, 224, 224], type=tensor(float)
Run 1: 33.24 ms
Run 2: 33.21 ms
Run 3: 33.31 ms
Run 4: 33.49 ms
Run 5: 33.44 ms
Run 6: 33.47 ms
Run 7: 33.43 ms
Run 8: 33.47 ms
Run 9: 33.53 ms
Run 10: 33.43 ms

Benchmark Results:
Provider: NeuronExecutionProvider
Model: /root/hailong.he/ort/Legacy/Recognition/VGGFace/vggface_fp32.onnx
Runs: 10
Threads: 1
Thread Mode: sequential
Optimization Level: ENABLE_ALL
Average Inference Time: 33.40 ms
Min Inference Time: 33.21 ms
Max Inference Time: 33.53 ms
