INFO: Android SDK version: 31
INFO: NeuronApi error: unable to open library libneuron_adapter.so, dllerror: 
INFO: NeuronApi error: unable to open library libneuron_adapter.mtk.so, dllerror: 
INFO: dlopen libneuronusdk_adapter.mtk.so
INFO: Num devices: 2
INFO: Got device name: mtk-gpu
INFO: Got device name: mtk-mdla
INFO: NeuronApi version: 8.2.16
Model Inputs:
  input.1: shape=[1, 3, 224, 224], type=tensor(float)
Run 1: 3.57 ms
Run 2: 3.52 ms
Run 3: 3.48 ms
Run 4: 3.48 ms
Run 5: 3.47 ms
Run 6: 3.47 ms
Run 7: 3.53 ms
Run 8: 3.47 ms
Run 9: 3.47 ms
Run 10: 3.48 ms

Benchmark Results:
Provider: NeuronExecutionProvider
Model: /root/hailong.he/ort/Legacy/Classification/ResNet/resnet18_fp32.onnx
Runs: 10
Threads: 1
Thread Mode: sequential
Optimization Level: ENABLE_ALL
Average Inference Time: 3.49 ms
Min Inference Time: 3.47 ms
Max Inference Time: 3.57 ms
