INFO: Android SDK version: 31
INFO: NeuronApi error: unable to open library libneuron_adapter.so, dllerror: 
INFO: NeuronApi error: unable to open library libneuron_adapter.mtk.so, dllerror: 
INFO: dlopen libneuronusdk_adapter.mtk.so
INFO: Num devices: 2
INFO: Got device name: mtk-gpu
INFO: Got device name: mtk-mdla
INFO: NeuronApi version: 8.2.16
Model Inputs:
  input: shape=[1, 3, 640, 640], type=tensor(float)
Run 1: 342.58 ms
Run 2: 341.05 ms
Run 3: 341.19 ms
Run 4: 341.15 ms
Run 5: 340.93 ms
Run 6: 341.18 ms
Run 7: 341.48 ms
Run 8: 341.84 ms
Run 9: 341.55 ms
Run 10: 341.69 ms

Benchmark Results:
Provider: NeuronExecutionProvider
Model: /root/hailong.he/ort/TAO/OCR/ocdnet_mixnet/ocdnet_mixnet_640x640.onnx
Runs: 10
Threads: 1
Thread Mode: sequential
Optimization Level: ENABLE_ALL
Average Inference Time: 341.46 ms
Min Inference Time: 340.93 ms
Max Inference Time: 342.58 ms
