INFO: Android SDK version: 31
INFO: NeuronApi error: unable to open library libneuron_adapter.so, dllerror: 
INFO: NeuronApi error: unable to open library libneuron_adapter.mtk.so, dllerror: 
INFO: dlopen libneuronusdk_adapter.mtk.so
INFO: Num devices: 2
INFO: Got device name: mtk-gpu
INFO: Got device name: mtk-mdla
INFO: NeuronApi version: 8.2.16
Model Inputs:
  input: shape=[1, 3, 640, 640], type=tensor(float)
Run 1: 68.90 ms
Run 2: 69.08 ms
Run 3: 69.18 ms
Run 4: 69.03 ms
Run 5: 69.02 ms
Run 6: 69.46 ms
Run 7: 69.11 ms
Run 8: 69.35 ms
Run 9: 69.38 ms
Run 10: 69.33 ms

Benchmark Results:
Provider: NeuronExecutionProvider
Model: /root/hailong.he/ort/TAO/OCR/Ocrnet_resnet/model_ocdnet_640x640.onnx
Runs: 10
Threads: 1
Thread Mode: sequential
Optimization Level: ENABLE_ALL
Average Inference Time: 69.18 ms
Min Inference Time: 68.90 ms
Max Inference Time: 69.46 ms
