INFO: Android SDK version: 31
INFO: NeuronApi error: unable to open library libneuron_adapter.so, dllerror: 
INFO: NeuronApi error: unable to open library libneuron_adapter.mtk.so, dllerror: 
INFO: dlopen libneuronusdk_adapter.mtk.so
INFO: Num devices: 2
INFO: Got device name: mtk-gpu
INFO: Got device name: mtk-mdla
INFO: NeuronApi version: 8.2.16
Model Inputs:
  input.1: shape=[1, 3, 224, 224], type=tensor(float)
Run 1: 11.89 ms
Run 2: 11.91 ms
Run 3: 11.80 ms
Run 4: 11.92 ms
Run 5: 12.02 ms
Run 6: 11.96 ms
Run 7: 12.03 ms
Run 8: 12.00 ms
Run 9: 11.94 ms
Run 10: 11.92 ms

Benchmark Results:
Provider: NeuronExecutionProvider
Model: /root/hailong.he/ort/Legacy/Classification/VGG/vgg16_quant.onnx
Runs: 10
Threads: 1
Thread Mode: sequential
Optimization Level: ENABLE_ALL
Average Inference Time: 11.94 ms
Min Inference Time: 11.80 ms
Max Inference Time: 12.03 ms
