INFO: Android SDK version: 31
INFO: NeuronApi error: unable to open library libneuron_adapter.so, dllerror: 
INFO: NeuronApi error: unable to open library libneuron_adapter.mtk.so, dllerror: 
INFO: dlopen libneuronusdk_adapter.mtk.so
INFO: Num devices: 2
INFO: Got device name: mtk-gpu
INFO: Got device name: mtk-mdla
INFO: NeuronApi version: 8.2.16
Model Inputs:
  input.1: shape=[1, 3, 224, 224], type=tensor(float)
Run 1: 32.62 ms
Run 2: 32.73 ms
Run 3: 32.88 ms
Run 4: 32.62 ms
Run 5: 32.53 ms
Run 6: 32.70 ms
Run 7: 32.80 ms
Run 8: 33.01 ms
Run 9: 32.87 ms
Run 10: 32.99 ms

Benchmark Results:
Provider: NeuronExecutionProvider
Model: /root/hailong.he/ort/Legacy/Classification/VGG/vgg16_fp32.onnx
Runs: 10
Threads: 1
Thread Mode: sequential
Optimization Level: ENABLE_ALL
Average Inference Time: 32.78 ms
Min Inference Time: 32.53 ms
Max Inference Time: 33.01 ms
