INFO: Android SDK version: 31
INFO: NeuronApi error: unable to open library libneuron_adapter.so, dllerror: 
INFO: NeuronApi error: unable to open library libneuron_adapter.mtk.so, dllerror: 
INFO: dlopen libneuronusdk_adapter.mtk.so
INFO: Num devices: 2
INFO: Got device name: mtk-gpu
INFO: Got device name: mtk-mdla
INFO: NeuronApi version: 8.2.16
Model Inputs:
  input_1:0: shape=[1, 3, 544, 960], type=tensor(float)
Run 1: 19.76 ms
Run 2: 19.73 ms
Run 3: 19.75 ms
Run 4: 19.67 ms
Run 5: 19.70 ms
Run 6: 19.83 ms
Run 7: 19.88 ms
Run 8: 19.77 ms
Run 9: 19.84 ms
Run 10: 19.94 ms

Benchmark Results:
Provider: NeuronExecutionProvider
Model: /root/hailong.he/ort/TAO/ObjectDetection/PeopleNet/resnet34_peoplenet_int8.onnx
Runs: 10
Threads: 1
Thread Mode: sequential
Optimization Level: ENABLE_ALL
Average Inference Time: 19.79 ms
Min Inference Time: 19.67 ms
Max Inference Time: 19.94 ms
