INFO: Android SDK version: 31
INFO: NeuronApi error: unable to open library libneuron_adapter.so, dllerror: 
INFO: NeuronApi error: unable to open library libneuron_adapter.mtk.so, dllerror: 
INFO: dlopen libneuronusdk_adapter.mtk.so
INFO: Num devices: 2
INFO: Got device name: mtk-gpu
INFO: Got device name: mtk-mdla
INFO: NeuronApi version: 8.2.16
Model Inputs:
  input.1: shape=[1, 3, 224, 224], type=tensor(float)
Run 1: 2.81 ms
Run 2: 2.79 ms
Run 3: 2.79 ms
Run 4: 2.77 ms
Run 5: 2.77 ms
Run 6: 2.74 ms
Run 7: 2.78 ms
Run 8: 2.74 ms
Run 9: 2.75 ms
Run 10: 2.75 ms

Benchmark Results:
Provider: NeuronExecutionProvider
Model: /root/hailong.he/ort/Legacy/Classification/EfficientNet/efficientnet_b0_fp32.onnx
Runs: 10
Threads: 1
Thread Mode: sequential
Optimization Level: ENABLE_ALL
Average Inference Time: 2.77 ms
Min Inference Time: 2.74 ms
Max Inference Time: 2.81 ms
