INFO: Android SDK version: 31
INFO: NeuronApi error: unable to open library libneuron_adapter.so, dllerror: 
INFO: NeuronApi error: unable to open library libneuron_adapter.mtk.so, dllerror: 
INFO: dlopen libneuronusdk_adapter.mtk.so
INFO: Num devices: 2
INFO: Got device name: mtk-gpu
INFO: Got device name: mtk-mdla
INFO: NeuronApi version: 8.2.16
[0;93m2026-09-30 08:57:38.425533742 [W:onnxruntime:, session_state.cc:1168 VerifyEachNodeIsAssignedToAnEp] Some nodes were not assigned to the preferred execution providers which may or may not have an negative impact on performance. e.g. ORT explicitly assigns shape related ops to CPU to improve perf.[m
[0;93m2026-09-30 08:57:38.425575511 [W:onnxruntime:, session_state.cc:1170 VerifyEachNodeIsAssignedToAnEp] Rerunning with verbose output on a non-minimal build will show node assignments.[m
Model Inputs:
  input.1: shape=[1, 3, 224, 224], type=tensor(float)
Run 1: 19.41 ms
Run 2: 20.89 ms
Run 3: 21.99 ms
Run 4: 24.93 ms
Run 5: 21.26 ms
Run 6: 21.78 ms
Run 7: 25.04 ms
Run 8: 21.56 ms
Run 9: 22.80 ms
Run 10: 21.89 ms

Benchmark Results:
Provider: NeuronExecutionProvider
Model: /root/hailong.he/ort/Legacy/Classification/MobileNetV3/mobilenet_v3_small_fp32.onnx
Runs: 10
Threads: 1
Thread Mode: sequential
Optimization Level: ENABLE_ALL
Average Inference Time: 22.15 ms
Min Inference Time: 19.41 ms
Max Inference Time: 25.04 ms
