INFO: Android SDK version: 31
INFO: NeuronApi error: unable to open library libneuron_adapter.so, dllerror: 
INFO: NeuronApi error: unable to open library libneuron_adapter.mtk.so, dllerror: 
INFO: dlopen libneuronusdk_adapter.mtk.so
INFO: Num devices: 2
INFO: Got device name: mtk-gpu
INFO: Got device name: mtk-mdla
INFO: NeuronApi version: 8.2.16
Model Inputs:
  input_1:0: shape=[1, 224, 320, 3], type=tensor(float)
Run 1: 41.20 ms
Run 2: 41.52 ms
Run 3: 41.52 ms
Run 4: 41.32 ms
Run 5: 40.86 ms
Run 6: 41.19 ms
Run 7: 41.27 ms
Run 8: 41.38 ms
Run 9: 41.25 ms
Run 10: 41.54 ms

Benchmark Results:
Provider: NeuronExecutionProvider
Model: /root/hailong.he/ort/TAO/PoseEstimation/BodyPoseNet/bodypose.onnx
Runs: 10
Threads: 1
Thread Mode: sequential
Optimization Level: ENABLE_ALL
Average Inference Time: 41.31 ms
Min Inference Time: 40.86 ms
Max Inference Time: 41.54 ms
