INFO: Android SDK version: 31
INFO: NeuronApi error: unable to open library libneuron_adapter.so, dllerror: 
INFO: NeuronApi error: unable to open library libneuron_adapter.mtk.so, dllerror: 
INFO: dlopen libneuronusdk_adapter.mtk.so
INFO: Num devices: 2
INFO: Got device name: mtk-gpu
INFO: Got device name: mtk-mdla
INFO: NeuronApi version: 8.2.16
Model Inputs:
  input_1:0: shape=[1, 3, 1168, 720], type=tensor(float)
Run 1: 7.09 ms
Run 2: 7.11 ms
Run 3: 7.02 ms
Run 4: 7.14 ms
Run 5: 7.04 ms
Run 6: 7.11 ms
Run 7: 7.02 ms
Run 8: 7.01 ms
Run 9: 7.00 ms
Run 10: 7.07 ms

Benchmark Results:
Provider: NeuronExecutionProvider
Model: /root/hailong.he/ort/TAO/ObjectDetection/LPDNet/LPDNet_CCPD_pruned_tao5.onnx
Runs: 10
Threads: 1
Thread Mode: sequential
Optimization Level: ENABLE_ALL
Average Inference Time: 7.06 ms
Min Inference Time: 7.00 ms
Max Inference Time: 7.14 ms
