Using yaml config file: scripts/config-yocto_gemma3_4b.yaml
[llm_sdk][1] Using yaml config file: scripts/config-yocto_gemma3_4b.yaml
Reading prompt from file: scripts/prompts/sample_prompt-introduction.txt
[llm_sdk][1] Reading prompt from file: scripts/prompts/sample_prompt-introduction.txt
Reading prompt from file: scripts/prompts/p01.txt
[llm_sdk][1] Reading prompt from file: scripts/prompts/p01.txt
Reading prompt from file: scripts/prompts/p02.txt
[llm_sdk][1] Reading prompt from file: scripts/prompts/p02.txt
Reading prompt from file: scripts/prompts/p03.txt
[llm_sdk][1] Reading prompt from file: scripts/prompts/p03.txt
Reading prompt from file: scripts/prompts/p04.txt
[llm_sdk][1] Reading prompt from file: scripts/prompts/p04.txt
Reading prompt from file: scripts/prompts/p05.txt
[llm_sdk][1] Reading prompt from file: scripts/prompts/p05.txt
Reading prompt from file: scripts/prompts/p06.txt
[llm_sdk][1] Reading prompt from file: scripts/prompts/p06.txt
Reading prompt from file: scripts/prompts/p07.txt
[llm_sdk][1] Reading prompt from file: scripts/prompts/p07.txt
Reading prompt from file: scripts/prompts/p08.txt
[llm_sdk][1] Reading prompt from file: scripts/prompts/p08.txt
Reading prompt from file: scripts/prompts/p09.txt
[llm_sdk][1] Reading prompt from file: scripts/prompts/p09.txt

>>>>>>>>>>> Current yaml config: scripts/config-yocto_gemma3_4b.yaml <<<<<<<<<<<
Begin model init...
[llm_sdk][1] Begin model init...
WARN: Failed to load libneuron_runtime.so, trying libneuronusdk_runtime.mtk.so...
[neuron_runtime_library_init][2] Failed to load libneuron_runtime.so, trying libneuronusdk_runtime.mtk.so...
Successfully loaded libneuronusdk_runtime.mtk.so!
[neuron_runtime_library_init][1] Successfully loaded libneuronusdk_runtime.mtk.so!
Done model init. (Time taken: 7.27251s)
[llm_sdk][1] Done model init. (Time taken: 7.27251s)
Initialized SentencePiece tokenizer.
[llm_sdk][1] Initialized SentencePiece tokenizer.
Vocab size: 262144
[llm_sdk][1] Vocab size: 262144
=========== Processing the 0-th input. ===========
Preformatted prompt with 'GemmaNoInput'
[llm_sdk][1] Preformatted prompt with 'GemmaNoInput'
